// Jest Snapshot v1, https://goo.gl/fbAQLP

exports[`App is rendered 1`] = `
<table>
  <thead>
    <tr>
      <th
        colSpan={4}
      >
        <h1>
          React Blockchain
        </h1>
      </th>
    </tr>
    <tr>
      <th>
        CMC rank
      </th>
      <th>
        Symbol
      </th>
      <th>
        Price (USD)
      </th>
      <th>
        Actions
      </th>
    </tr>
  </thead>
  <tbody>
    <tr>
      <td>
        687
      </td>
      <td>
        NVC
      </td>
      <td>
        $
        0.43
      </td>
      <td>
        <button>
          Remove
        </button>
      </td>
    </tr>
    <tr>
      <td>
        450
      </td>
      <td>
        FTC
      </td>
      <td>
        $
        0.01
      </td>
      <td>
        <button>
          Remove
        </button>
      </td>
    </tr>
    <tr>
      <td>
        1103
      </td>
      <td>
        MNC
      </td>
      <td>
        $
        0.00
      </td>
      <td>
        <button>
          Remove
        </button>
      </td>
    </tr>
    <tr>
      <td>
        1372
      </td>
      <td>
        FRC
      </td>
      <td>
        $
        0.00
      </td>
      <td>
        <button>
          Remove
        </button>
      </td>
    </tr>
    <tr>
      <td>
        1352
      </td>
      <td>
        IXC
      </td>
      <td>
        $
        0.01
      </td>
      <td>
        <button>
          Remove
        </button>
      </td>
    </tr>
  </tbody>
  <tfoot>
    <tr>
      <td
        colSpan={4}
      >
        Add rows:
         
        <select>
          <option
            value={1}
          >
            BTC
          </option>
          <option
            value={2}
          >
            LTC
          </option>
          <option
            value={3}
          >
            NMC
          </option>
          <option
            value={4}
          >
            TRC
          </option>
          <option
            value={5}
          >
            PPC
          </option>
        </select>
      </td>
    </tr>
  </tfoot>
</table>
`;
